[@ 0.000ms] received: 3
[@ 0.000ms] received: 2
[@ 0.000ms] received: 1