[@ 0.000ms] print: 1 60 64
[@ 0.000ms] print: 2 62 64
[@ 0.000ms] print: 3 64 60
[@ 0.000ms] print: 1 60 0
[@ 0.000ms] print: 1 58 64
[@ 0.000ms] print: 2 62 0
[@ 0.000ms] print: 2 42 64