[@ 0.000ms] print: 0
[@ 0.000ms] print: 0
[@ 100.000ms] print: 0.1
[@ 200.000ms] print: 0.2
[@ 300.000ms] print: 0.3
[@ 400.000ms] print: 0.4
[@ 500.000ms] print: 0.5
[@ 600.000ms] print: 0.6
[@ 700.000ms] print: 0.7
[@ 800.000ms] print: 0.8
[@ 900.000ms] print: 0.9
[@ 950.000ms] print: 0.95
[@ 1050.000ms] print: 0.855
[@ 1150.000ms] print: 0.76
[@ 1250.000ms] print: 0.665
[@ 1350.000ms] print: 0.57
[@ 1450.000ms] print: 0.475
[@ 1550.000ms] print: 0.38
[@ 1650.000ms] print: 0.285
[@ 1750.000ms] print: 0.19
[@ 1850.000ms] print: 0.095
[@ 1950.000ms] print: 0
[@ 2000.000ms] print: 1
[@ 2000.000ms] print: 1
[@ 2100.000ms] print: 0.9
[@ 2200.000ms] print: 0.8
[@ 2300.000ms] print: 0.7
[@ 2400.000ms] print: 0.6
