[@ 0.000ms] print: dog0.aif
[@ 0.000ms] print: dogmeat.aif
[@ 0.000ms] print: dog0.aif